test-product-1                     12.33

Total:                             12.33
