test-product-1                     12.00

Total:                             12.00
