test-product-1                     48.00
  12.00 * 3

Total:                             48.00
