test-product-1                     12.50
test-product-2                     36.00
  12.00 * 3
test-product-3                     12.00
test-product-4                     24.00
  12.00 * 2.000

Total:                             84.50
