test-product-1                     12.33
  12.33 * 2
discount-desc (test-product-1)      3.33

Total:                             15.66
