test-product-1                     12.50
test-product-2                     36.00
  12.00 * 3
test-product-3                     12.00
test-product-4                     24.00
  12.00 * 2.000
discount (test-product-1)          -6.00

Total:                             78.50
